[mybtop.live/index.html]
[backblue.gif]
[fade.gif]
[index.html]
[mybtop.live/images/favicon.0.delayed]
[mybtop.live/bootstrap/css/bootstrap.1.delayed]
[mybtop.live/fonts/font-awesome/css/font-awesome.2.delayed]
[mybtop.live/css/animations.3.delayed]
[mybtop.live/css/style.4.delayed]
[mybtop.live/css/custom.5.delayed]
[mybtop.live/images/section-image-1.png]
[mybtop.live/images/portfolio-1.jpg]
[mybtop.live/images/portfolio-2.jpg]
[mybtop.live/images/portfolio-3.jpg]
[mybtop.live/images/portfolio-4.jpg]
[mybtop.live/images/portfolio-5.jpg]
[mybtop.live/images/portfolio-6.jpg]
[mybtop.live/images/portfolio-7.jpg]
[mybtop.live/images/portfolio-8.jpg]
[mybtop.live/images/portfolio-9.jpg]
[mybtop.live/images/portfolio-10.jpg]
[mybtop.live/images/portfolio-11.jpg]
[mybtop.live/images/portfolio-12.jpg]
[mybtop.live/plugins/jquery.min.16.delayed]
[mybtop.live/bootstrap/js/bootstrap.min.17.delayed]
[mybtop.live/plugins/modernizr.18.delayed]
[mybtop.live/plugins/isotope/isotope.pkgd.min.19.delayed]
[mybtop.live/plugins/jquery.backstretch.min.1a.delayed]
[mybtop.live/plugins/jquery.appear.1b.delayed]
[mybtop.live/js/custom.1c.delayed]
[mybtop.live/index.html]
[mybtop.live/images/favicon.html]
[mybtop.live/bootstrap/css/bootstrap.html]
[mybtop.live/fonts/font-awesome/css/font-awesome.html]
[mybtop.live/css/animations.html]
[mybtop.live/css/style.html]
[mybtop.live/css/custom.html]
[s3.amazonaws.com/uifaces/faces/twitter/kolage/128.jpg]
[s3.amazonaws.com/uifaces/faces/twitter/mijustin/128.jpg]
[s3.amazonaws.com/uifaces/faces/twitter/keizgoesboom/128.jpg]
[mybtop.live/plugins/jquery.min.html]
[mybtop.live/bootstrap/js/bootstrap.min.html]
[mybtop.live/plugins/modernizr.html]
[mybtop.live/plugins/isotope/isotope.pkgd.min.html]
[mybtop.live/plugins/jquery.backstretch.min.html]
[mybtop.live/plugins/jquery.appear.html]
[mybtop.live/js/custom.html]
